// Jest Snapshot v1, https://goo.gl/fbAQLP

exports[`<LoginButton /> renders correctly 1`] = `
<View
  accessible={true}
  focusable={true}
  onClick={[Function]}
  onResponderGrant={[Function]}
  onResponderMove={[Function]}
  onResponderRelease={[Function]}
  onResponderTerminate={[Function]}
  onResponderTerminationRequest={[Function]}
  onStartShouldSetResponder={[Function]}
  style={
    Object {
      "alignSelf": "center",
      "backgroundColor": "#005492",
      "borderColor": "#222",
      "borderRadius": 10,
      "borderWidth": 2,
      "flexDirection": "row",
      "marginTop": 30,
      "opacity": 1,
      "padding": 15,
      "width": "80%",
    }
  }
>
  <View
    style={
      Object {
        "borderRightColor": "#ddd",
        "borderRightWidth": 1,
        "justifyContent": "center",
      }
    }
  >
    <Image
      source={
        Object {
          "testUri": "../../../images/logoAgesicSimple.png",
        }
      }
      style={
        Object {
          "alignSelf": "center",
          "aspectRatio": 1,
          "flex": 1,
          "height": "100%",
          "marginRight": 15,
          "resizeMode": "center",
        }
      }
    />
  </View>
  <Text
    style={
      Object {
        "color": "#fff",
        "fontWeight": "bold",
        "marginLeft": 15,
      }
    }
  >
    Login con USUARIO gub.uy
  </Text>
</View>
`;
